/Users/jasondanick/Desktop/sports_prop_analyzer/venv/lib/python3.9/site-packages/urllib3/__init__.py:35: NotOpenSSLWarning: urllib3 v2 only supports OpenSSL 1.1.1+, currently the 'ssl' module is compiled with 'LibreSSL 2.8.3'. See: https://github.com/urllib3/urllib3/issues/3020
  warnings.warn(
Error sending Discord alert: 404 Client Error: Not Found for url: https://discord.com/api/webhooks/1545647781803331714/64LBhp28Jc_HV9X9I4qJYZwZSLz6XL8hStJ-pah960Va2wIIge4Wczsn8NfLoE8EtSip
Scanning live markets...
Scanning live markets...
Scanning live markets...
Scanning live markets...
Scanning live markets...
Scanning live markets...
Scanning live markets...
Scanning live markets...
Scanning live markets...
Scanning live markets...
Loop error: ('Connection aborted.', ConnectionResetError(54, 'Connection reset by peer'))
Scanning live markets...
Loop error: ('Connection aborted.', ConnectionResetError(54, 'Connection reset by peer'))
Scanning live markets...
Loop error: ('Connection aborted.', ConnectionResetError(54, 'Connection reset by peer'))
Scanning live markets...
Loop error: ('Connection aborted.', ConnectionResetError(54, 'Connection reset by peer'))
Scanning live markets...
Scanning live markets...
Scanning live markets...
Loop error: ('Connection aborted.', ConnectionResetError(54, 'Connection reset by peer'))
Scanning live markets...
Loop error: ('Connection aborted.', ConnectionResetError(54, 'Connection reset by peer'))
Scanning live markets...
Loop error: ('Connection aborted.', ConnectionResetError(54, 'Connection reset by peer'))
Scanning live markets...
Loop error: ('Connection aborted.', ConnectionResetError(54, 'Connection reset by peer'))
Scanning live markets...
Scanning live markets...
Scanning live markets...
Scanning live markets...
Scanning live markets...
Scanning live markets...
Loop error: ('Connection aborted.', ConnectionResetError(54, 'Connection reset by peer'))
Scanning live markets...
Scanning live markets...
Scanning live markets...
Scanning live markets...
